student@lplab-ThinkCentre-M71e:~$ cd Desktop/Aman/
student@lplab-ThinkCentre-M71e:~/Desktop/Aman$ ls
a      a.txt  file1.txt  name.sh    patch  script.sh  xstart2.txt  yo
a.out  bye    hello      notes.txt  prog   user.txt   xstart.txt
student@lplab-ThinkCentre-M71e:~/Desktop/Aman$ (sleep 10; echo done)&ps
[1] 21149
  PID TTY          TIME CMD
21130 pts/2    00:00:00 bash
21149 pts/2    00:00:00 bash
21150 pts/2    00:00:00 ps
21151 pts/2    00:00:00 sleep
student@lplab-ThinkCentre-M71e:~/Desktop/Aman$ done

[1]+  Done                    ( sleep 10; echo done )
student@lplab-ThinkCentre-M71e:~/Desktop/Aman$ 
student@lplab-ThinkCentre-M71e:~/Desktop/Aman$ (sleep 10; echo done)&
[1] 21155
student@lplab-ThinkCentre-M71e:~/Desktop/Aman$ kill 21155
student@lplab-ThinkCentre-M71e:~/Desktop/Aman$ (sleep 10; echo done 1)&
[2] 21157
[1]   Terminated              ( sleep 10; echo done )
student@lplab-ThinkCentre-M71e:~/Desktop/Aman$ (sleep 10; echo done 2done 1
)&
[3] 21159
[2]   Done                    ( sleep 10; echo done 1 )
student@lplab-ThinkCentre-M71e:~/Desktop/Aman$ echo done 3; wait; echo domdone 2
echo done 3; wait; echo do
done 3
do
student@lplab-ThinkCentre-M71e:~/Desktop/Aman$ echo done 3; wait; echo done4
done 3
done4
student@lplab-ThinkCentre-M71e:~/Desktop/Aman$ (sleep 10; echo done 1)&
[1] 21163
student@lplab-ThinkCentre-M71e:~/Desktop/Aman$ (sleep 10; echo done 2)&
[2] 21165
student@lplab-ThinkCentre-M71e:~/Desktop/Aman$ echo done 3; wait; echo done4
done 3
done 1
[1]-  Done                    ( sleep 10; echo done 1 )
done 2
[2]+  Done                    ( sleep 10; echo done 2 )
done4
student@lplab-ThinkCentre-M71e:~/Desktop/Aman$ done2
done2: command not found
student@lplab-ThinkCentre-M71e:~/Desktop/Aman$ echo done1
done1
student@lplab-ThinkCentre-M71e:~/Desktop/Aman$ (sleep 10; echo done 1)&
[1] 21233
student@lplab-ThinkCentre-M71e:~/Desktop/Aman$ (sleep 10; echo done 2)&
[2] 21237
student@lplab-ThinkCentre-M71e:~/Desktop/Aman$ echo done 3; wait; echo done4
done 3
done 1
[1]-  Done                    ( sleep 10; echo done 1 )
done 2
[2]+  Done                    ( sleep 10; echo done 2 )
done4
student@lplab-ThinkCentre-M71e:~/Desktop/Aman$ cat > script2.sh
echo there are $# command line arguments : $@
student@lplab-ThinkCentre-M71e:~/Desktop/Aman$ script2.sh 2 3
script2.sh: command not found
student@lplab-ThinkCentre-M71e:~/Desktop/Aman$ ctmod +x script2.sh
No command 'ctmod' found, did you mean:
 Command 'chmod' from package 'coreutils' (main)
ctmod: command not found
student@lplab-ThinkCentre-M71e:~/Desktop/Aman$ chmod +x script2.sh
student@lplab-ThinkCentre-M71e:~/Desktop/Aman$ script2.sh 5 6
script2.sh: command not found
student@lplab-ThinkCentre-M71e:~/Desktop/Aman$ script2.sh arg1 arg2
script2.sh: command not found
student@lplab-ThinkCentre-M71e:~/Desktop/Aman$ ./script.sh arg1 arg2
the name of this script is ./script.sh
the first argument is arg1
a list of all the arguments is arg1 arg2
this script places the date into a temporary file
called arg1.21256
arg1.21256
student@lplab-ThinkCentre-M71e:~/Desktop/Aman$ ./script2.sh arg1 arg2
there are 2 command line arguments : arg1 arg2
student@lplab-ThinkCentre-M71e:~/Desktop/Aman$ #!/bin/sh
student@lplab-ThinkCentre-M71e:~/Desktop/Aman$ salutation="Hello"
student@lplab-ThinkCentre-M71e:~/Desktop/Aman$ echo $salutation
Hello
student@lplab-ThinkCentre-M71e:~/Desktop/Aman$ echo "The program $0 is now running"
The program bash is now running
student@lplab-ThinkCentre-M71e:~/Desktop/Aman$ echo "The second parameter was $2"
The second parameter was 
student@lplab-ThinkCentre-M71e:~/Desktop/Aman$ cat > script3.sh
#!/bin/sh
salutation="hello"
echo $salutation
echo "The program $0 is now running"
echo "The second parameter was $2"
echo "The parameter list was #*"
echo "The user's home directory is $HOME"
echo "Please enter a new greeting"
read salutation
echo $salutation 
echo "The script is now complete"
exit()
student@lplab-ThinkCentre-M71e:~/Desktop/Aman$ chmod +x script3.sh
student@lplab-ThinkCentre-M71e:~/Desktop/Aman$ ./script3.sh arg1 arg2
hello
The program ./script3.sh is now running
The second parameter was arg2
The parameter list was #*
The user's home directory is /home/student
Please enter a new greeting
YOLO
YOLO
The script is now complete
./script3.sh: 12: ./script3.sh: Syntax error: Bad function name
student@lplab-ThinkCentre-M71e:~/Desktop/Aman$ cat > script3.sh^C
student@lplab-ThinkCentre-M71e:~/Desktop/Aman$ 
